------------------------------------------------------------
Timing Analyzer Summary
------------------------------------------------------------

Type  : Slow 1100mV 85C Model Setup 'clk'
Slack : -0.573
TNS   : -1.915

Type  : Slow 1100mV 85C Model Hold 'clk'
Slack : 0.535
TNS   : 0.000

Type  : Slow 1100mV 85C Model Minimum Pulse Width 'clk'
Slack : -0.724
TNS   : -4.432

Type  : Slow 1100mV 0C Model Setup 'clk'
Slack : -0.646
TNS   : -2.152

Type  : Slow 1100mV 0C Model Hold 'clk'
Slack : 0.506
TNS   : 0.000

Type  : Slow 1100mV 0C Model Minimum Pulse Width 'clk'
Slack : -0.724
TNS   : -4.492

Type  : Fast 1100mV 85C Model Setup 'clk'
Slack : 0.377
TNS   : 0.000

Type  : Fast 1100mV 85C Model Hold 'clk'
Slack : 0.182
TNS   : 0.000

Type  : Fast 1100mV 85C Model Minimum Pulse Width 'clk'
Slack : -0.079
TNS   : -0.316

Type  : Fast 1100mV 0C Model Setup 'clk'
Slack : 0.399
TNS   : 0.000

Type  : Fast 1100mV 0C Model Hold 'clk'
Slack : 0.173
TNS   : 0.000

Type  : Fast 1100mV 0C Model Minimum Pulse Width 'clk'
Slack : -0.080
TNS   : -0.320

------------------------------------------------------------
